INFO [2026-06-03 09:47:46] $x
INFO [2026-06-03 09:47:46] list(`Discovery (c1)` = set_c1, `Validation (c2)` = set_c2)
INFO [2026-06-03 09:47:46] 
INFO [2026-06-03 09:47:46] $filename
INFO [2026-06-03 09:47:46] NULL
INFO [2026-06-03 09:47:46] 
INFO [2026-06-03 09:47:46] $fill
INFO [2026-06-03 09:47:46] c("#56B4E9", "#E69F00")
INFO [2026-06-03 09:47:46] 
INFO [2026-06-03 09:47:46] $alpha
INFO [2026-06-03 09:47:46] [1] 0.5
INFO [2026-06-03 09:47:46] 
INFO [2026-06-03 09:47:46] $cex
INFO [2026-06-03 09:47:46] [1] 1.3
INFO [2026-06-03 09:47:46] 
INFO [2026-06-03 09:47:46] $cat.cex
INFO [2026-06-03 09:47:46] [1] 1.1
INFO [2026-06-03 09:47:46] 
INFO [2026-06-03 09:47:46] $cat.fontface
INFO [2026-06-03 09:47:46] [1] "bold"
INFO [2026-06-03 09:47:46] 
INFO [2026-06-03 09:47:46] $fontface
INFO [2026-06-03 09:47:46] [1] "bold"
INFO [2026-06-03 09:47:46] 
INFO [2026-06-03 09:47:46] $margin
INFO [2026-06-03 09:47:46] [1] 0.1
INFO [2026-06-03 09:47:46] 
