INFO [2026-06-03 15:04:14] $x
INFO [2026-06-03 15:04:14] list(`Discovery (c1)` = set_c1, `Validation (c2)` = set_c2)
INFO [2026-06-03 15:04:14] 
INFO [2026-06-03 15:04:14] $filename
INFO [2026-06-03 15:04:14] NULL
INFO [2026-06-03 15:04:14] 
INFO [2026-06-03 15:04:14] $fill
INFO [2026-06-03 15:04:14] c("#56B4E9", "#E69F00")
INFO [2026-06-03 15:04:14] 
INFO [2026-06-03 15:04:14] $alpha
INFO [2026-06-03 15:04:14] [1] 0.5
INFO [2026-06-03 15:04:14] 
INFO [2026-06-03 15:04:14] $cex
INFO [2026-06-03 15:04:14] [1] 1.3
INFO [2026-06-03 15:04:14] 
INFO [2026-06-03 15:04:14] $cat.cex
INFO [2026-06-03 15:04:14] [1] 1.1
INFO [2026-06-03 15:04:14] 
INFO [2026-06-03 15:04:14] $cat.fontface
INFO [2026-06-03 15:04:14] [1] "bold"
INFO [2026-06-03 15:04:14] 
INFO [2026-06-03 15:04:14] $fontface
INFO [2026-06-03 15:04:14] [1] "bold"
INFO [2026-06-03 15:04:14] 
INFO [2026-06-03 15:04:14] $margin
INFO [2026-06-03 15:04:14] [1] 0.1
INFO [2026-06-03 15:04:14] 
