INFO [2026-06-02 21:13:47] $x
INFO [2026-06-02 21:13:47] list(`Discovery (c1)` = set_c1, `Validation (c2)` = set_c2)
INFO [2026-06-02 21:13:47] 
INFO [2026-06-02 21:13:47] $filename
INFO [2026-06-02 21:13:47] NULL
INFO [2026-06-02 21:13:47] 
INFO [2026-06-02 21:13:47] $fill
INFO [2026-06-02 21:13:47] c("#56B4E9", "#E69F00")
INFO [2026-06-02 21:13:47] 
INFO [2026-06-02 21:13:47] $alpha
INFO [2026-06-02 21:13:47] [1] 0.5
INFO [2026-06-02 21:13:47] 
INFO [2026-06-02 21:13:47] $cex
INFO [2026-06-02 21:13:47] [1] 1.3
INFO [2026-06-02 21:13:47] 
INFO [2026-06-02 21:13:47] $cat.cex
INFO [2026-06-02 21:13:47] [1] 1.1
INFO [2026-06-02 21:13:47] 
INFO [2026-06-02 21:13:47] $cat.fontface
INFO [2026-06-02 21:13:47] [1] "bold"
INFO [2026-06-02 21:13:47] 
INFO [2026-06-02 21:13:47] $fontface
INFO [2026-06-02 21:13:47] [1] "bold"
INFO [2026-06-02 21:13:47] 
INFO [2026-06-02 21:13:47] $margin
INFO [2026-06-02 21:13:47] [1] 0.1
INFO [2026-06-02 21:13:47] 
