INFO [2026-06-02 21:26:50] $x
INFO [2026-06-02 21:26:50] list(`Discovery (c1)` = set_c1, `Validation (c2)` = set_c2)
INFO [2026-06-02 21:26:50] 
INFO [2026-06-02 21:26:50] $filename
INFO [2026-06-02 21:26:50] NULL
INFO [2026-06-02 21:26:50] 
INFO [2026-06-02 21:26:50] $fill
INFO [2026-06-02 21:26:50] c("#56B4E9", "#E69F00")
INFO [2026-06-02 21:26:50] 
INFO [2026-06-02 21:26:50] $alpha
INFO [2026-06-02 21:26:50] [1] 0.5
INFO [2026-06-02 21:26:50] 
INFO [2026-06-02 21:26:50] $cex
INFO [2026-06-02 21:26:50] [1] 1.3
INFO [2026-06-02 21:26:50] 
INFO [2026-06-02 21:26:50] $cat.cex
INFO [2026-06-02 21:26:50] [1] 1.1
INFO [2026-06-02 21:26:50] 
INFO [2026-06-02 21:26:50] $cat.fontface
INFO [2026-06-02 21:26:50] [1] "bold"
INFO [2026-06-02 21:26:50] 
INFO [2026-06-02 21:26:50] $fontface
INFO [2026-06-02 21:26:50] [1] "bold"
INFO [2026-06-02 21:26:50] 
INFO [2026-06-02 21:26:50] $margin
INFO [2026-06-02 21:26:50] [1] 0.1
INFO [2026-06-02 21:26:50] 
