INFO [2026-06-03 10:03:58] $x
INFO [2026-06-03 10:03:58] list(`Discovery (c1)` = set_c1, `Validation (c2)` = set_c2)
INFO [2026-06-03 10:03:58] 
INFO [2026-06-03 10:03:58] $filename
INFO [2026-06-03 10:03:58] NULL
INFO [2026-06-03 10:03:58] 
INFO [2026-06-03 10:03:58] $fill
INFO [2026-06-03 10:03:58] c("#56B4E9", "#E69F00")
INFO [2026-06-03 10:03:58] 
INFO [2026-06-03 10:03:58] $alpha
INFO [2026-06-03 10:03:58] [1] 0.5
INFO [2026-06-03 10:03:58] 
INFO [2026-06-03 10:03:58] $cex
INFO [2026-06-03 10:03:58] [1] 1.3
INFO [2026-06-03 10:03:58] 
INFO [2026-06-03 10:03:58] $cat.cex
INFO [2026-06-03 10:03:58] [1] 1.1
INFO [2026-06-03 10:03:58] 
INFO [2026-06-03 10:03:58] $cat.fontface
INFO [2026-06-03 10:03:58] [1] "bold"
INFO [2026-06-03 10:03:58] 
INFO [2026-06-03 10:03:58] $fontface
INFO [2026-06-03 10:03:58] [1] "bold"
INFO [2026-06-03 10:03:58] 
INFO [2026-06-03 10:03:58] $margin
INFO [2026-06-03 10:03:58] [1] 0.1
INFO [2026-06-03 10:03:58] 
